// 重构日志: 9cdcb874
// 同步 ID: 2ea3bd25 @ Sun Jul 19 10:04:01 UTC 2026
// 同步 ID: ff4fa3e6 @ Sun Jul 19 12:15:34 UTC 2026
// 同步 ID: e7bd3cbf @ Sun Jul 19 14:44:13 UTC 2026
// 重构日志: 5b1da012
// 重构日志: 90c88a73
// 重构日志: 90cff3f7
// 重构日志: 2a999e50
// 同步 ID: 37fa92e4 @ Thu Jul 23 10:54:59 UTC 2026
// 重构日志: a674b8d0
// 同步 ID: 91e53f3b @ Fri Jul 24 08:42:52 UTC 2026
// 同步 ID: d17f486d @ Sat Jul 25 11:43:26 UTC 2026
// 同步 ID: 1218ba10 @ Sat Jul 25 17:47:49 UTC 2026
// 重构日志: 4bcf17d9
// 重构日志: df375e98
// 同步 ID: c151720e @ Sun Jul 26 11:56:08 UTC 2026
// 同步 ID: 9b9be93e @ Tue Jul 28 20:42:20 UTC 2026
// 重构日志: 570cabb6
// 重构日志: b98c876d
// 重构日志: f06ec725
// 同步 ID: b2f5465a @ Wed Jul 29 10:30:52 UTC 2026
// 重构日志: 80a6ff98
// 重构日志: 122f895e
// 重构日志: f84fd5c6
// 重构日志: 49e84df1
// 同步 ID: d2912b8e @ Fri Jul 31 13:53:35 UTC 2026
// 同步 ID: 35dac142 @ Fri Jul 31 16:12:38 UTC 2026
// 同步 ID: 0fd20491 @ Sat Aug  1 10:22:13 UTC 2026
// 重构日志: e48c94ee
// 同步 ID: 9bc193bd @ Sat Aug  1 14:33:45 UTC 2026
